<?xml version="1.0" encoding="utf-8"?><testsuites name="pytest tests"><testsuite name="pytest" errors="0" failures="0" skipped="0" tests="21" time="11.166" timestamp="2026-03-30T17:08:46.775863-04:00" hostname="diego"><testcase classname="backend.tests.test_api.TestHealthEndpoint" name="test_health_returns_200" time="0.007" /><testcase classname="backend.tests.test_api.TestHealthEndpoint" name="test_health_response_structure" time="0.004" /><testcase classname="backend.tests.test_api.TestRootEndpoint" name="test_root_returns_200" time="0.003" /><testcase classname="backend.tests.test_api.TestRootEndpoint" name="test_root_has_name_and_version" time="0.003" /><testcase classname="backend.tests.test_api.TestModelsEndpoint" name="test_models_returns_200" time="0.004" /><testcase classname="backend.tests.test_api.TestModelsEndpoint" name="test_models_returns_list" time="0.004" /><testcase classname="backend.tests.test_api.TestWarmupEndpoint" name="test_warmup_returns_200" time="9.023" /><testcase classname="backend.tests.test_api.TestWarmupEndpoint" name="test_warmup_response_structure" time="0.004" /><testcase classname="backend.tests.test_api.TestActionEndpoint" name="test_action_returns_200" time="0.015" /><testcase classname="backend.tests.test_api.TestActionEndpoint" name="test_action_response_structure" time="0.017" /><testcase classname="backend.tests.test_api.TestActionEndpoint" name="test_action_id_is_valid" time="0.015" /><testcase classname="backend.tests.test_api.TestActionEndpoint" name="test_action_name_matches_id" time="0.016" /><testcase classname="backend.tests.test_api.TestActionEndpoint" name="test_equity_is_valid_range" time="0.015" /><testcase classname="backend.tests.test_api.TestActionEndpoint" name="test_hand_strength_is_valid" time="0.014" /><testcase classname="backend.tests.test_api.TestActionEndpoint" name="test_q_values_has_all_actions" time="0.014" /><testcase classname="backend.tests.test_api.TestActionEndpoint" name="test_action_with_flop" time="0.016" /><testcase classname="backend.tests.test_api.TestActionEndpoint" name="test_v25_runtime_action_route_uses_game_service_resolver" time="0.016" /><testcase classname="backend.tests.test_api.TestV25RuntimeResolving" name="test_game_service_runtime_action_for_actor_uses_resolved_policy" time="0.001" /><testcase classname="backend.tests.test_api.TestActionEndpointErrors" name="test_missing_players_returns_422" time="0.004" /><testcase classname="backend.tests.test_api.TestActionEndpointErrors" name="test_no_bot_player_returns_400" time="0.004" /><testcase classname="backend.tests.test_api.TestActionEndpointErrors" name="test_bot_without_hole_cards_returns_400" time="0.004" /></testsuite></testsuites>